Testing PG connection...
