src/services/auditing/audit-log.repository.ts(21,18): error TS2353: Object literal may only specify known properties, and 'timestamp' does not exist in type 'AuditLogOrderByWithRelationInput | AuditLogOrderByWithRelationInput[]'.
src/services/auditing/audit-log.repository.ts(29,18): error TS2353: Object literal may only specify known properties, and 'timestamp' does not exist in type 'AuditLogOrderByWithRelationInput | AuditLogOrderByWithRelationInput[]'.
src/services/auditing/audit-log.repository.ts(35,16): error TS2353: Object literal may only specify known properties, and 'actorId' does not exist in type 'AuditLogWhereInput'.
src/services/auditing/audit-log.repository.ts(37,18): error TS2353: Object literal may only specify known properties, and 'timestamp' does not exist in type 'AuditLogOrderByWithRelationInput | AuditLogOrderByWithRelationInput[]'.
src/services/auditing/audit-log.repository.ts(74,18): error TS2353: Object literal may only specify known properties, and 'timestamp' does not exist in type 'AuditLogOrderByWithRelationInput | AuditLogOrderByWithRelationInput[]'.
src/services/auditing/audit-log.repository.ts(82,9): error TS2353: Object literal may only specify known properties, and 'timestamp' does not exist in type 'AuditLogWhereInput'.
src/services/auditing/audit-log.repository.ts(88,18): error TS2353: Object literal may only specify known properties, and 'timestamp' does not exist in type 'AuditLogOrderByWithRelationInput | AuditLogOrderByWithRelationInput[]'.
src/services/marketplace/marketplace-order.repository.ts(24,9): error TS2353: Object literal may only specify known properties, and 'timeToken' does not exist in type 'MarketplaceOrderInclude<DefaultArgs>'.
src/services/marketplace/marketplace-order.repository.ts(38,9): error TS2353: Object literal may only specify known properties, and 'timeToken' does not exist in type 'MarketplaceOrderWhereInput'.
src/services/marketplace/marketplace-order.repository.ts(45,9): error TS2353: Object literal may only specify known properties, and 'timeToken' does not exist in type 'MarketplaceOrderInclude<DefaultArgs>'.
src/services/marketplace/marketplace-order.repository.ts(116,9): error TS2353: Object literal may only specify known properties, and 'timeToken' does not exist in type 'MarketplaceOrderInclude<DefaultArgs>'.
src/services/payments/payment.repository.ts(22,16): error TS2353: Object literal may only specify known properties, and 'orderId' does not exist in type 'PaymentWhereUniqueInput'.
src/services/payments/payment.repository.ts(24,9): error TS2353: Object literal may only specify known properties, and 'order' does not exist in type 'PaymentInclude<DefaultArgs>'.
src/services/payments/payment.repository.ts(40,16): error TS2322: Type 'string' is not assignable to type 'PaymentStatus | EnumPaymentStatusFilter<"Payment"> | undefined'.
src/services/payments/payment.repository.ts(42,9): error TS2353: Object literal may only specify known properties, and 'order' does not exist in type 'PaymentInclude<DefaultArgs>'.
src/services/payments/payment.repository.ts(59,18): error TS2353: Object literal may only specify known properties, and 'timeToken' does not exist in type 'MarketplaceOrderInclude<DefaultArgs>'.
src/services/payments/payment.repository.ts(67,31): error TS2339: Property 'timeToken' does not exist on type '{ id: string; createdAt: Date; currency: string; tokenId: string; buyerId: string; pricePaid: Decimal; }'.
src/services/scheduling/booking.controller.ts(5,10): error TS2305: Module '"../marketplace/marketplace.controller"' has no exported member 'timeTokens'.
src/services/scheduling/booking.repository.ts(20,9): error TS2353: Object literal may only specify known properties, and 'timeToken' does not exist in type 'BookingInclude<DefaultArgs>'.
src/services/scheduling/booking.repository.ts(33,16): error TS2353: Object literal may only specify known properties, and 'professionalId' does not exist in type 'BookingWhereInput'.
src/services/scheduling/booking.repository.ts(35,9): error TS2353: Object literal may only specify known properties, and 'timeToken' does not exist in type 'BookingInclude<DefaultArgs>'.
src/services/scheduling/booking.repository.ts(44,16): error TS2353: Object literal may only specify known properties, and 'timeTokenId' does not exist in type 'BookingWhereInput'.
src/services/scheduling/booking.repository.ts(47,9): error TS2353: Object literal may only specify known properties, and 'professional' does not exist in type 'BookingInclude<DefaultArgs>'.
src/services/scheduling/booking.repository.ts(64,19): error TS2339: Property 'status' does not exist on type '{ professional: { id: string; createdAt: Date; userId: string; baseRate: Decimal; currency: string; status: ProfessionalStatus; }; } & { id: string; createdAt: Date; ... 6 more ...; state: TokenState; }'.
src/services/scheduling/booking.repository.ts(68,19): error TS2339: Property 'buyerId' does not exist on type '{ professional: { id: string; createdAt: Date; userId: string; baseRate: Decimal; currency: string; status: ProfessionalStatus; }; } & { id: string; createdAt: Date; ... 6 more ...; state: TokenState; }'.
src/services/scheduling/booking.repository.ts(115,9): error TS2353: Object literal may only specify known properties, and 'timeToken' does not exist in type 'BookingInclude<DefaultArgs>'.
src/services/scheduling/scheduling.controller.ts(108,54): error TS2345: Argument of type 'string | string[]' is not assignable to parameter of type 'string'.
  Type 'string[]' is not assignable to type 'string'.
src/services/scheduling/scheduling.controller.ts(111,36): error TS2345: Argument of type 'string | string[]' is not assignable to parameter of type 'string'.
  Type 'string[]' is not assignable to type 'string'.
src/services/scheduling/session.repository.ts(29,13): error TS2353: Object literal may only specify known properties, and 'timeToken' does not exist in type 'BookingInclude<DefaultArgs>'.
src/services/scheduling/session.repository.ts(44,16): error TS2322: Type 'string' is not assignable to type 'SessionStatus | EnumSessionStatusFilter<"Session"> | undefined'.
src/services/scheduling/session.repository.ts(48,13): error TS2353: Object literal may only specify known properties, and 'timeToken' does not exist in type 'BookingInclude<DefaultArgs>'.
src/services/scheduling/session.repository.ts(64,18): error TS2353: Object literal may only specify known properties, and 'timeToken' does not exist in type 'BookingInclude<DefaultArgs>'.
src/services/scheduling/session.repository.ts(77,33): error TS2339: Property 'timeToken' does not exist on type '{ id: string; createdAt: Date; status: BookingStatus; tokenId: string; buyerId: string; scheduledAt: Date; }'.
src/services/scheduling/session.repository.ts(139,13): error TS2353: Object literal may only specify known properties, and 'timeToken' does not exist in type 'BookingInclude<DefaultArgs>'.
src/services/users/auth.controller.ts(66,40): error TS2322: Type 'string' is not assignable to type 'number | StringValue | undefined'.
src/services/users/user.controller.ts(31,11): error TS2353: Object literal may only specify known properties, and 'specialty' does not exist in type 'CreateProfessionalData'.
src/services/users/user.repository.ts(26,44): error TS2322: Type 'string' is not assignable to type 'UserRole | EnumUserRoleFilter<"User"> | undefined'.
